<?xml version="1.0" encoding="UTF-8"?>
<testsuites name="jest tests" tests="141" failures="0" errors="0" time="15.147">
  <testsuite name="Dashboard Components" errors="0" failures="0" skipped="0" timestamp="2025-10-14T06:32:14" time="4.009" tests="24">
    <testcase classname="Dashboard Components › DashboardHeader" name="should render user name and navigation" time="0.118">
    </testcase>
    <testcase classname="Dashboard Components › DashboardHeader" name="should show notification badge with count" time="0.036">
    </testcase>
    <testcase classname="Dashboard Components › DashboardHeader" name="should call onNotificationClick when notifications button is clicked" time="0.175">
    </testcase>
    <testcase classname="Dashboard Components › DashboardHeader" name="should call onLogout when logout button is clicked" time="0.094">
    </testcase>
    <testcase classname="Dashboard Components › DashboardHeader" name="should have accessible user menu button" time="0.023">
    </testcase>
    <testcase classname="Dashboard Components › Sidebar" name="should render all navigation links" time="0.037">
    </testcase>
    <testcase classname="Dashboard Components › Sidebar" name="should toggle sidebar collapse state" time="0.105">
    </testcase>
    <testcase classname="Dashboard Components › Sidebar" name="should apply collapsed class when sidebar is collapsed" time="0.011">
    </testcase>
    <testcase classname="Dashboard Components › Sidebar" name="should hide labels when sidebar is collapsed" time="0.044">
    </testcase>
    <testcase classname="Dashboard Components › StatsCard" name="should render stat title and value" time="0.008">
    </testcase>
    <testcase classname="Dashboard Components › StatsCard" name="should show positive change indicator" time="0.005">
    </testcase>
    <testcase classname="Dashboard Components › StatsCard" name="should show negative change indicator" time="0.005">
    </testcase>
    <testcase classname="Dashboard Components › StatsCard" name="should display loading state" time="0.014">
    </testcase>
    <testcase classname="Dashboard Components › StatsCard" name="should display error state" time="0.012">
    </testcase>
    <testcase classname="Dashboard Components › StatsCard" name="should handle stats without change indicators" time="0.005">
    </testcase>
    <testcase classname="Dashboard Components › QuickActions" name="should render all action buttons" time="0.01">
    </testcase>
    <testcase classname="Dashboard Components › QuickActions" name="should call onAction with correct action id when clicked" time="0.06">
    </testcase>
    <testcase classname="Dashboard Components › QuickActions" name="should disable action buttons when disabled prop is true" time="0.007">
    </testcase>
    <testcase classname="Dashboard Components › QuickActions" name="should not call onAction when disabled button is clicked" time="0.07">
    </testcase>
    <testcase classname="Dashboard Components › Dashboard Accessibility" name="should have accessible notification button with aria-label" time="0.008">
    </testcase>
    <testcase classname="Dashboard Components › Dashboard Accessibility" name="should support keyboard navigation in sidebar" time="0.054">
    </testcase>
    <testcase classname="Dashboard Components › Dashboard Accessibility" name="should announce loading states to screen readers" time="0.011">
    </testcase>
    <testcase classname="Dashboard Components › Dashboard Accessibility" name="should announce error states to screen readers" time="0.012">
    </testcase>
    <testcase classname="Dashboard Components › Dashboard Accessibility" name="should have accessible quick action buttons" time="0.007">
    </testcase>
  </testsuite>
  <testsuite name="Admin Components" errors="0" failures="0" skipped="0" timestamp="2025-10-14T06:32:14" time="4.352" tests="21">
    <testcase classname="Admin Components › OrganizationList" name="should render all organizations" time="0.159">
    </testcase>
    <testcase classname="Admin Components › OrganizationList" name="should display organization details correctly" time="0.031">
    </testcase>
    <testcase classname="Admin Components › OrganizationList" name="should show suspend button for active organizations" time="0.024">
    </testcase>
    <testcase classname="Admin Components › OrganizationList" name="should show activate button for suspended organizations" time="0.022">
    </testcase>
    <testcase classname="Admin Components › OrganizationList" name="should call onSuspend when suspend button is clicked" time="0.283">
    </testcase>
    <testcase classname="Admin Components › OrganizationList" name="should call onView when view button is clicked" time="0.104">
    </testcase>
    <testcase classname="Admin Components › OrganizationList" name="should show no organizations message when list is empty" time="0.01">
    </testcase>
    <testcase classname="Admin Components › UserManagement" name="should render all users" time="0.044">
    </testcase>
    <testcase classname="Admin Components › UserManagement" name="should have search and filter controls" time="0.022">
    </testcase>
    <testcase classname="Admin Components › UserManagement" name="should call onRoleChange when role is changed" time="0.112">
    </testcase>
    <testcase classname="Admin Components › UserManagement" name="should call onImpersonate when impersonate button is clicked" time="0.092">
    </testcase>
    <testcase classname="Admin Components › UserManagement" name="should call onDelete when delete button is clicked" time="0.079">
    </testcase>
    <testcase classname="Admin Components › AuditLogViewer" name="should render all audit logs" time="0.023">
    </testcase>
    <testcase classname="Admin Components › AuditLogViewer" name="should have filter controls for action type and user" time="0.018">
    </testcase>
    <testcase classname="Admin Components › AuditLogViewer" name="should call onFilter when apply filters button is clicked" time="0.08">
    </testcase>
    <testcase classname="Admin Components › AuditLogViewer" name="should call onExport when export button is clicked" time="0.056">
    </testcase>
    <testcase classname="Admin Components › AuditLogViewer" name="should display log actions with appropriate styling" time="0.021">
    </testcase>
    <testcase classname="Admin Components › AuditLogViewer" name="should show no logs message when list is empty" time="0.012">
    </testcase>
    <testcase classname="Admin Components › Admin Accessibility" name="should have accessible action buttons with descriptive labels" time="0.012">
    </testcase>
    <testcase classname="Admin Components › Admin Accessibility" name="should have accessible role select dropdowns" time="0.022">
    </testcase>
    <testcase classname="Admin Components › Admin Accessibility" name="should have accessible filter controls in audit logs" time="0.031">
    </testcase>
  </testsuite>
  <testsuite name="Template Components" errors="0" failures="0" skipped="0" timestamp="2025-10-14T06:32:14" time="4.506" tests="20">
    <testcase classname="Template Components › TemplateList" name="should render all templates" time="0.138">
    </testcase>
    <testcase classname="Template Components › TemplateList" name="should show template content and category" time="0.03">
    </testcase>
    <testcase classname="Template Components › TemplateList" name="should call onSelect when use template is clicked" time="0.177">
    </testcase>
    <testcase classname="Template Components › TemplateList" name="should call onDelete when delete is clicked" time="0.114">
    </testcase>
    <testcase classname="Template Components › TemplateList" name="should show no templates message when list is empty" time="0.012">
    </testcase>
    <testcase classname="Template Components › TemplateList" name="should have search input for filtering templates" time="0.024">
    </testcase>
    <testcase classname="Template Components › TemplateForm" name="should render form for creating new template" time="0.055">
    </testcase>
    <testcase classname="Template Components › TemplateForm" name="should render form with existing template data for editing" time="0.023">
    </testcase>
    <testcase classname="Template Components › TemplateForm" name="should have all category options available" time="0.022">
    </testcase>
    <testcase classname="Template Components › TemplateForm" name="should have variable insertion button" time="0.014">
    </testcase>
    <testcase classname="Template Components › TemplateForm" name="should call onSave when form is submitted" time="0.598">
    </testcase>
    <testcase classname="Template Components › TemplateForm" name="should call onCancel when cancel button is clicked" time="0.062">
    </testcase>
    <testcase classname="Template Components › TemplateForm" name="should require template name and content" time="0.013">
    </testcase>
    <testcase classname="Template Components › TemplatePreview" name="should render template preview with variables replaced" time="0.008">
    </testcase>
    <testcase classname="Template Components › TemplatePreview" name="should render template preview with multiple variables replaced" time="0.007">
    </testcase>
    <testcase classname="Template Components › TemplatePreview" name="should show input fields for each variable" time="0.008">
    </testcase>
    <testcase classname="Template Components › TemplatePreview" name="should handle templates with no variables" time="0.003">
    </testcase>
    <testcase classname="Template Components › Template Accessibility" name="should have proper labels for all form inputs" time="0.031">
    </testcase>
    <testcase classname="Template Components › Template Accessibility" name="should have accessible delete buttons with descriptive labels" time="0.07">
    </testcase>
    <testcase classname="Template Components › Template Accessibility" name="should support keyboard navigation in template form" time="0.031">
    </testcase>
  </testsuite>
  <testsuite name="Messaging Components" errors="0" failures="0" skipped="0" timestamp="2025-10-14T06:32:14" time="10.177" tests="27">
    <testcase classname="Messaging Components › EnhancedMessageInterface - Message Display" name="should render messages list with proper structure" time="0.155">
    </testcase>
    <testcase classname="Messaging Components › EnhancedMessageInterface - Message Display" name="should display message timestamps in correct format" time="0.025">
    </testcase>
    <testcase classname="Messaging Components › EnhancedMessageInterface - Message Display" name="should show message status indicators for sent messages" time="0.028">
    </testcase>
    <testcase classname="Messaging Components › EnhancedMessageInterface - Message Display" name="should support infinite scroll behavior" time="0.025">
    </testcase>
    <testcase classname="Messaging Components › EnhancedMessageInterface - Message Input" name="should render message input with proper placeholder" time="0.048">
    </testcase>
    <testcase classname="Messaging Components › EnhancedMessageInterface - Message Input" name="should update input value on text entry" time="0.959">
    </testcase>
    <testcase classname="Messaging Components › EnhancedMessageInterface - Message Input" name="should send message on Enter key press" time="0.448">
    </testcase>
    <testcase classname="Messaging Components › EnhancedMessageInterface - Message Input" name="should support Shift+Enter for new line" time="0.452">
    </testcase>
    <testcase classname="Messaging Components › EnhancedMessageInterface - Message Input" name="should clear input after sending message" time="0.633">
    </testcase>
    <testcase classname="Messaging Components › EnhancedMessageInterface - File Upload" name="should open file picker when attach button is clicked" time="0.078">
    </testcase>
    <testcase classname="Messaging Components › EnhancedMessageInterface - File Upload" name="should display uploaded image preview" time="0.017">
    </testcase>
    <testcase classname="Messaging Components › EnhancedMessageInterface - File Upload" name="should show upload progress for attachments" time="0.048">
    </testcase>
    <testcase classname="Messaging Components › EnhancedMessageInterface - File Upload" name="should allow removing attachments before sending" time="0.108">
    </testcase>
    <testcase classname="Messaging Components › EnhancedMessageInterface - Emoji Picker" name="should toggle emoji picker on button click" time="0.142">
    </testcase>
    <testcase classname="Messaging Components › EnhancedMessageInterface - Emoji Picker" name="should insert emoji at cursor position" time="0.498">
    </testcase>
    <testcase classname="Messaging Components › EnhancedMessageInterface - Templates" name="should display template panel on button click" time="0.125">
    </testcase>
    <testcase classname="Messaging Components › EnhancedMessageInterface - Templates" name="should show available message templates" time="0.124">
    </testcase>
    <testcase classname="Messaging Components › EnhancedMessageInterface - Templates" name="should insert template content into input field" time="0.204">
    </testcase>
    <testcase classname="Messaging Components › EnhancedMessageInterface - Voice Recording" name="should show voice recording button when input is empty" time="0.017">
    </testcase>
    <testcase classname="Messaging Components › EnhancedMessageInterface - Voice Recording" name="should start recording on mouse down" time="0.184">
    </testcase>
    <testcase classname="Messaging Components › EnhancedMessageInterface - Voice Recording" name="should show recording time during voice recording" time="0.044">
    </testcase>
    <testcase classname="Messaging Components › EnhancedMessageInterface - Accessibility" name="should support keyboard navigation through controls" time="0.065">
    </testcase>
    <testcase classname="Messaging Components › EnhancedMessageInterface - Accessibility" name="should have proper ARIA labels for all interactive elements" time="0.015">
    </testcase>
    <testcase classname="Messaging Components › EnhancedMessageInterface - Accessibility" name="should announce message sending status to screen readers" time="0.547">
    </testcase>
    <testcase classname="Messaging Components › EnhancedMessageInterface - Accessibility" name="should support screen reader navigation through message history" time="0.014">
    </testcase>
    <testcase classname="Messaging Components › EnhancedMessageInterface - Real-time Features" name="should show typing indicator" time="0.345">
    </testcase>
    <testcase classname="Messaging Components › EnhancedMessageInterface - Real-time Features" name="should auto-scroll to bottom when new messages arrive" time="0.433">
    </testcase>
  </testsuite>
  <testsuite name="Contact Components" errors="0" failures="0" skipped="0" timestamp="2025-10-14T06:32:14" time="10.788" tests="30">
    <testcase classname="Contact Components › ContactManager - Contact List Display" name="should render contact list with sample data" time="0.166">
    </testcase>
    <testcase classname="Contact Components › ContactManager - Contact List Display" name="should display contact count and filtered count" time="0.074">
    </testcase>
    <testcase classname="Contact Components › ContactManager - Contact List Display" name="should show contact details in table view" time="0.086">
    </testcase>
    <testcase classname="Contact Components › ContactManager - Contact List Display" name="should support pagination through large contact lists" time="0.052">
    </testcase>
    <testcase classname="Contact Components › ContactManager - Search Functionality" name="should filter contacts by name search" time="0.351">
    </testcase>
    <testcase classname="Contact Components › ContactManager - Search Functionality" name="should filter contacts by email search" time="0.663">
    </testcase>
    <testcase classname="Contact Components › ContactManager - Search Functionality" name="should filter contacts by phone search" time="0.405">
    </testcase>
    <testcase classname="Contact Components › ContactManager - Search Functionality" name="should show no results message when search has no matches" time="0.494">
    </testcase>
    <testcase classname="Contact Components › ContactManager - Filters" name="should toggle filter panel on button click" time="0.208">
    </testcase>
    <testcase classname="Contact Components › ContactManager - Filters" name="should filter by contact status" time="0.353">
    </testcase>
    <testcase classname="Contact Components › ContactManager - Filters" name="should filter by contact source" time="0.329">
    </testcase>
    <testcase classname="Contact Components › ContactManager - Filters" name="should filter by tags" time="0.371">
    </testcase>
    <testcase classname="Contact Components › ContactManager - Filters" name="should filter starred contacts only" time="0.267">
    </testcase>
    <testcase classname="Contact Components › ContactManager - Filters" name="should clear all filters on clear button click" time="0.405">
    </testcase>
    <testcase classname="Contact Components › ContactManager - Contact Selection" name="should select individual contacts" time="0.066">
    </testcase>
    <testcase classname="Contact Components › ContactManager - Contact Selection" name="should select all contacts with master checkbox" time="0.167">
    </testcase>
    <testcase classname="Contact Components › ContactManager - Contact Selection" name="should deselect all when clicking select all again" time="0.22">
    </testcase>
    <testcase classname="Contact Components › ContactManager - Contact Actions" name="should star and unstar contacts" time="0.125">
    </testcase>
    <testcase classname="Contact Components › ContactManager - Contact Actions" name="should delete single contact with confirmation" time="0.125">
    </testcase>
    <testcase classname="Contact Components › ContactManager - Contact Actions" name="should delete multiple selected contacts" time="0.203">
    </testcase>
    <testcase classname="Contact Components › ContactManager - Contact Actions" name="should open edit modal when edit button is clicked" time="0.142">
    </testcase>
    <testcase classname="Contact Components › ContactManager - Contact Actions" name="should open add contact modal" time="0.203">
    </testcase>
    <testcase classname="Contact Components › ContactManager - Import/Export" name="should open import modal" time="0.169">
    </testcase>
    <testcase classname="Contact Components › ContactManager - Import/Export" name="should show import file input and requirements" time="0.169">
    </testcase>
    <testcase classname="Contact Components › ContactManager - Import/Export" name="should export contacts on export button click" time="0.157">
    </testcase>
    <testcase classname="Contact Components › ContactManager - View Modes" name="should switch to grid view" time="0.124">
    </testcase>
    <testcase classname="Contact Components › ContactManager - View Modes" name="should switch back to table view" time="0.218">
    </testcase>
    <testcase classname="Contact Components › ContactManager - Accessibility" name="should have proper ARIA labels for all buttons" time="0.036">
    </testcase>
    <testcase classname="Contact Components › ContactManager - Accessibility" name="should support keyboard navigation through contacts" time="0.091">
    </testcase>
    <testcase classname="Contact Components › ContactManager - Accessibility" name="should have accessible table headers" time="0.037">
    </testcase>
  </testsuite>
  <testsuite name="Authentication Components" errors="0" failures="0" skipped="0" timestamp="2025-10-14T06:32:14" time="10.978" tests="19">
    <testcase classname="Authentication Components › SignInForm" name="should render email and password fields with proper accessibility" time="0.327">
    </testcase>
    <testcase classname="Authentication Components › SignInForm" name="should handle successful login and redirect based on user role" time="0.725">
    </testcase>
    <testcase classname="Authentication Components › SignInForm" name="should redirect super admin to admin dashboard" time="0.511">
    </testcase>
    <testcase classname="Authentication Components › SignInForm" name="should display error message on failed login" time="0.644">
    </testcase>
    <testcase classname="Authentication Components › SignInForm" name="should show loading state during submission" time="0.578">
    </testcase>
    <testcase classname="Authentication Components › SignUpForm" name="should render all required fields with proper validation" time="0.038">
    </testcase>
    <testcase classname="Authentication Components › SignUpForm" name="should enforce password minimum length validation" time="0.019">
    </testcase>
    <testcase classname="Authentication Components › SignUpForm" name="should submit form with all data and redirect on success" time="1.029">
    </testcase>
    <testcase classname="Authentication Components › SignUpForm" name="should display error on duplicate email registration" time="1.074">
    </testcase>
    <testcase classname="Authentication Components › ForgotPasswordForm" name="should render email input with proper attributes" time="0.02">
    </testcase>
    <testcase classname="Authentication Components › ForgotPasswordForm" name="should validate email format before submission" time="0.585">
    </testcase>
    <testcase classname="Authentication Components › ForgotPasswordForm" name="should submit email and display success message" time="0.32">
    </testcase>
    <testcase classname="Authentication Components › ResetPasswordForm" name="should render password and confirmation fields" time="0.018">
    </testcase>
    <testcase classname="Authentication Components › ResetPasswordForm" name="should validate password match before submission" time="0.584">
    </testcase>
    <testcase classname="Authentication Components › ResetPasswordForm" name="should validate minimum password length" time="0.373">
    </testcase>
    <testcase classname="Authentication Components › ResetPasswordForm" name="should submit matching passwords and redirect on success" time="0.413">
    </testcase>
    <testcase classname="Authentication Components › Accessibility Tests" name="should support keyboard navigation in SignInForm" time="0.085">
    </testcase>
    <testcase classname="Authentication Components › Accessibility Tests" name="should have proper ARIA labels for all form inputs" time="0.019">
    </testcase>
    <testcase classname="Authentication Components › Accessibility Tests" name="should announce errors to screen readers" time="0.558">
    </testcase>
  </testsuite>
</testsuites>